ANSI-dvorak.map.gz			:   Standard : xfree86 : pc101 : us     : off  :Generic keyboard [ pc101 ]:xfree86:none:none:none:none:none
de_CH-latin1.map.gz         :   Standard : xfree86 : pc102 : de_CH  : on   :Standard Keyboard [ pc102 ]:xfree86:none:none:none:none:none
amiga-de.map.gz				:   Standard : xfree86 : pc105 : de     : on   :Standard Keyboard [ pc105 ]:xfree86:none:none:none:none:none
amiga-us.map.gz				:   Standard : xfree86 : pc101 : us     : off  :Generic keyboard [ pc101 ]:xfree86:none:none:none:none:none
atari-de.map.gz				:   Standard : xfree86 : pc105 : de     : on   :Standard Keyboard [ pc105 ]:xfree86:none:none:none:none:none
atari-se.map.gz				:   Standard : xfree86 : pc101 : se     : off  :Generic keyboard [ pc101 ]:xfree86:none:none:none:none:none
atari-uk-falcon.map.gz		:   Standard : xfree86 : pc101 : gb     : off  :Generic keyboard [ pc101 ]:xfree86:none:none:none:none:none
atari-us.map.gz				:   Standard : xfree86 : pc101 : us     : off  :Generic keyboard [ pc101 ]:xfree86:none:none:none:none:none
azerty.map.gz				:   Standard : xfree86 : pc101 : us     : off  :Generic keyboard [ pc101 ]:xfree86:none:none:none:none:none
be-latin1.map.gz			:   Standard : xfree86 : pc104 : be     : off  :Standard Keyboard [ pc104 ]:xfree86:none:none:none:none:none
be2-latin1.map.gz			:   Standard : xfree86 : pc104 : be     : off  :Standard Keyboard [ pc104 ]:xfree86:none:none:none:none:none
bg.map.gz					:   Standard : xfree86 : pc101 : bg     : off  :Generic keyboard [ pc101 ]:xfree86:none:none:none:none:none
cf.map.gz					:   Standard : xfree86 : pc105 : fr_CA  : off  :French/Canadian Keyboard [ pc105 ]:xfree86:none:none:none:none:none
croat.map.gz                :   Standard : xfree86 : pc101 : us     : off  :Generic keyboard [ pc101 ]:xfree86:none:none:none:none:none
cz-lat2-prog.map.gz         :   Standard : xfree86 : pc104 : cz,us  : off  :Standard Keyboard [ pc104 + toggle ]:xfree86:none:none:none:none:grp:shift_toggle
cz-lat2.map.gz              :   Standard : xfree86 : pc104 : cz_qwerty,us  : off  :Standard Keyboard [ pc104 + toggle ]:xfree86:none:none:none:none:grp:shift_toggle
cz-us-qwertz.map.gz         :   Standard : xfree86 : pc104 : cz,us  : off  :Standard Keyboard [ pc104 + toggle ]:xfree86:none:none:none:none:grp:shift_toggle
de-lat1-nd.map.gz			:   Standard : xfree86 : pc105 : de     : on   :Standard Keyboard [ pc105 ]:xfree86:none:none:none:none:none
de-latin1-nodeadkeys.map.gz	:   Standard : xfree86 : pc105 : de     : on   :Standard Keyboard [ pc105 ]:xfree86:none:none:none:none:none
de-latin1-en.map.gz         :   Standard : xfree86 : pc105 : de     : off  :Standard Keyboard [ pc105 ]:xfree86:none:none:none:none:none
de-latin1.map.gz			:   Standard : xfree86 : pc105 : de     : off  :Standard Keyboard [ pc105 ]:xfree86:none:none:none:none:none
de.map.gz					:   Standard : xfree86 : pc105 : de     : on   :Standard Keyboard [ pc105 ]:xfree86:none:none:none:none:none
defkeymap.map.gz			:   Standard : xfree86 : pc104 : us     : off  :Standard Keyboard [ pc104 ]:xfree86:none:none:none:none:none
defkeymap_V1.0.map.gz		:   Standard : xfree86 : pc104 : us     : off  :Standard Keyboard [ pc104 ]:xfree86:none:none:none:none:none
dk-latin1.map.gz			:   Standard : xfree86 : pc104 : dk     : off  :Standard Keyboard [ pc104 ]:xfree86:none:none:none:none:none
dk.map.gz					:   Standard : xfree86 : pc101 : dk     : off  :Generic keyboard [ pc101 ]:xfree86:none:none:none:none:none
dvorak-l.map.gz				:   Standard : xfree86 : pc101 : us     : off  :Generic keyboard [ pc101 ]:xfree86:none:none:none:none:none
dvorak-r.map.gz				:   Standard : xfree86 : pc101 : us     : off  :Generic keyboard [ pc101 ]:xfree86:none:none:none:none:none
dvorak.map.gz				:   Standard : xfree86 : pc101 : us     : off  :Generic keyboard [ pc101 ]:xfree86:none:none:none:none:none
emacs.map.gz				:   Standard : xfree86 : pc102 : us     : off  :Standard Keyboard [ pc102 ]:xfree86:none:none:none:none:none
emacs2.map.gz				:   Standard : xfree86 : pc102 : us     : off  :Standard Keyboard [ pc102 ]:xfree86:none:none:none:none:none
es.map.gz					:   Standard : xfree86 : pc102 : es     : off  :Standard Keyboard [ pc102 ]:xfree86:none:none:none:none:none
fi-latin1.map.gz			:   Standard : xfree86 : pc102 : fi     : off  :Standard Keyboard [ pc102 ]:xfree86:none:none:none:none:none
fi.map.gz					:   Standard : xfree86 : pc102 : fi     : off  :Standard Keyboard [ pc102 ]:xfree86:none:none:none:none:none
fr-latin1.map.gz			:   Standard : xfree86 : pc102 : fr     : off  :Standard Keyboard [ pc102 ]:xfree86:none:none:none:none:none
fr-pc.map.gz				:   Standard : xfree86 : pc102 : fr     : off  :Standard Keyboard [ pc102 ]:xfree86:none:none:none:none:none
fr.map.gz					:   Standard : xfree86 : pc102 : fr		: off  :Standard Keyboard [ pc102 ]:xfree86:none:none:none:none:none
fr_CH-latin1.map.gz			:   Standard : xfree86 : pc102 : fr_CH 	: off  :Standard Keyboard [ pc102 ]:xfree86:none:none:none:none:none
fr_CH.map.gz				:   Standard : xfree86 : pc102 : fr_CH 	: off  :Standard Keyboard [ pc102 ]:xfree86:none:none:none:none:none
gr-pc.map.gz				:   Standard : xfree86 : pc104 : gr 	: off  :Greek Keyboard [ pc104 + toggle ]:xfree86:none:none:none:none:grp:toggle
gr.map.gz					:   Standard : xfree86 : pc104 : gr 	: off  :Greek Keyboard [ pc104 + toggle ]:xfree86:none:none:none:none:grp:toggle
hebrew.map.gz				:   Standard : xfree86 : pc102 : he 	: off  :Standard Keyboard [ pc102 ]:xfree86:none:none:none:none:none
hu.map.gz					:   Standard : xfree86 : pc102 : hu 	: off  :Standard Keyboard [ pc102 ]:xfree86:none:none:none:none:none
hu101.map.gz				:   Standard : xfree86 : pc101 : hu 	: off  :Standard Keyboard [ pc102 ]:xfree86:none:none:none:none:none
is-latin1.map.gz			:   Standard : xfree86 : pc105 : is 	: off  :Standard Keyboard [ pc105 ]:xfree86:none:ModeShift:Compose:none:none
it-ibm.map.gz				:   Standard : xfree86 : pc104 : it 	: off  :Standard Keyboard [ pc104 ]:xfree86:none:none:none:none:none
it.map.gz					:   Standard : xfree86 : pc102 : it 	: off  :Standard Keyboard [ pc102 ]:xfree86:none:none:none:none:none
it2.map.gz					:   Standard : xfree86 : pc102 : it 	: off  :Standard Keyboard [ pc102 ]:xfree86:none:none:none:none:none
jp106.map.gz				:   Standard : xfree86 : jp106 : jp 	: off  :Japanese Keyboard [ jp106 ]:xfree86:none:none:none:none:none
la-latin1.map.gz			:   Standard : xfree86 : pc104 : us 	: off  :Standard Keyboard [ pc104 ]:xfree86:none:none:none:none:none
lt.l4.map.gz				:   Standard : xfree86 : pc104 : us 	: off  :Standard Keyboard [ pc104 ]:xfree86:none:none:none:none:none
lt.map.gz					:   Standard : xfree86 : pc104 : us 	: off  :Standard Keyboard [ pc104 ]:xfree86:none:none:none:none:none
mac-Pl02.map.gz				:   Standard : xfree86 : macintosh : us : off  :Macintosh Keyboard [ macintosh ]:xfree86:none:none:none:none:none
mac-be.map.gz				:   Standard : xfree86 : macintosh : be : off  :Macintosh Keyboard [ macintosh ]:xfree86:none:none:none:none:none
mac-br-abnt2.map.gz			:   Standard : xfree86 : macintosh : br : off  :Macintosh Keyboard [ macintosh ]:xfree86:none:none:none:none:none
mac-cz-us-qwertz.map.gz		:   Standard : xfree86 : macintosh : us : off  :Macintosh Keyboard [ macintosh ]:xfree86:none:none:none:none:none
mac-de-latin1-nodeadkeys.map.gz	:   Standard : xfree86 : macintosh  : de : on  :Macintosh Keyboard [ macintosh ]:xfree86:none:none:none:none:none
mac-de-latin1.map.gz		:   Standard : xfree86 : macintosh : de : off  :Macintosh Keyboard [ macintosh ]:xfree86:none:none:none:none:none
mac-de_CH.map.gz			:   Standard : xfree86 : macintosh : de_CH:on  :Macintosh Keyboard [ macintosh ]:xfree86:none:none:none:none:none
mac-dk-latin1.map.gz		:   Standard : xfree86 : macintosh : dk : off  :Macintosh Keyboard [ macintosh ]:xfree86:none:none:none:none:none
mac-es.map.gz				:   Standard : xfree86 : macintosh : es : off  :Macintosh Keyboard [ macintosh ]:xfree86:none:none:none:none:none
mac-fi-latin1.map.gz		:   Standard : xfree86 : macintosh : fi : off  :Macintosh Keyboard [ macintosh ]:xfree86:none:none:none:none:none
mac-fr.map.gz				:   Standard : xfree86 : macintosh : fr : off  :Macintosh Keyboard [ macintosh ]:xfree86:none:none:none:none:none
mac-fr-latin1.map.gz		:   Standard : xfree86 : macintosh : fr : off  :Macintosh Keyboard [ macintosh ]:xfree86:none:none:none:none:none
mac-fr2-ext.map.gz			:   Standard : xfree86 : macintosh : fr : off  :Macintosh Keyboard [ macintosh ]:xfree86:none:none:none:none:none
mac-fr3-ext.map.gz			:   Standard : xfree86 : macintosh : fr : off  :Macintosh Keyboard [ macintosh ]:xfree86:none:none:none:none:none
mac-fr_CH-latin1.map.gz		:   Standard : xfree86 : macintosh : fr_CH : off   :Macintosh Keyboard [ macintosh ]:xfree86:none:none:none:none:none
mac-gr.map.gz				:   Standard : xfree86 : macintosh : us : off  :Macintosh Keyboard [ macintosh ]:xfree86:none:none:none:none:none
mac-hu.map.gz				:   Standard : xfree86 : macintosh : us : off  :Macintosh Keyboard [ macintosh ]:xfree86:none:none:none:none:none
mac-it.map.gz				:   Standard : xfree86 : macintosh : it : off  :Macintosh Keyboard [ macintosh ]:xfree86:none:none:none:none:none
mac-jp106.map.gz			:   Standard : xfree86 : macintosh : jp : off  :Macintosh Keyboard [ macintosh ]:xfree86:none:none:none:none:none
mac-no-latin1.map.gz		:   Standard : xfree86 : macintosh : no : off  :Macintosh Keyboard [ macintosh ]:xfree86:none:none:none:none:none
mac-pt-latin1.map.gz		:   Standard : xfree86 : macintosh : pt : off  :Macintosh Keyboard [ macintosh ]:xfree86:none:none:none:none:none
mac-ru1.map.gz				:   Standard : xfree86 : macintosh : us : off  :Macintosh Keyboard [ macintosh ]:xfree86:none:none:none:none:none
mac-se.map.gz				:   Standard : xfree86 : macintosh : se : off  :Macintosh Keyboard [ macintosh ]:xfree86:none:none:none:none:none
mac-uk.map.gz				:   Standard : xfree86 : macintosh : gb : off  :Macintosh Keyboard [ macintosh ]:xfree86:none:none:none:none:none
mac-us.map.gz				:   Standard : xfree86 : macintosh : us : off  :Macintosh Keyboard [ macintosh ]:xfree86:none:none:none:none:none
mac-us-ext.map.gz			:   Standard : xfree86 : macintosh : us : off  :Macintosh Keyboard [ macintosh ]:xfree86:none:none:none:none:none
mac-us-std.map.gz			:   Standard : xfree86 : macintosh : us : off  :Macintosh Keyboard [ macintosh ]:xfree86:none:none:none:none:none
mac-mac-template.map.gz		:   Standard : xfree86 : macintosh : us : off  :Macintosh Keyboard [ macintosh ]:xfree86:none:none:none:none:none
no-latin1.map.gz			:   Standard : xfree86 : pc104 : no 	: off  :Standard Keyboard [ pc104 ]:xfree86:none:none:none:none:none
no.map.gz					:   Standard : xfree86 : pc104 : no 	: off  :Standard Keyboard [ pc104 ]:xfree86:none:none:none:none:none
pc110.map.gz				:   Standard : xfree86 : pc110 : us 	: off  :Standard Keyboard [ pc104 ]:xfree86:none:none:none:none:none
pl.map.gz					:   Standard : xfree86 : pc102 : pl 	: off  :Standard Keyboard [ pc102 ]:xfree86:none:none:none:none:none
pt.map.gz					:   Standard : xfree86 : pc102 : pt 	: off  :Standard Keyboard [ pc102 ]:xfree86:none:none:none:none:none
pt2.map.gz					:   Standard : xfree86 : pc102 : pt 	: off  :Standard Keyboard [ pc102 ]:xfree86:none:none:none:none:none
ru-cp1251.map.gz			:   Standard : xfree86 : pc102 : ru 	: off  :Standard Keyboard [ pc102 ]:xfree86:none:none:none:none:none
ru.map.gz					:   Standard : xfree86 : pc102 : ru 	: off  :Standard Keyboard [ pc102 ]:xfree86:none:none:none:none:none
ru1.map.gz					:   Standard : xfree86 : pc102 : ru 	: off  :Standard Keyboard [ pc102 ]:xfree86:none:none:none:none:none
ru2.map.gz					:   Standard : xfree86 : pc102 : ru 	: off  :Standard Keyboard [ pc102 ]:xfree86:none:none:none:none:none
ru_win.map.gz				:   Standard : xfree86 : pc102 : ru 	: off  :Standard Keyboard [ pc102 ]:xfree86:none:none:none:none:none
russian.map.gz				:   Standard : xfree86 : pc102 : ru 	: off  :Standard Keyboard [ pc102 ]:xfree86:none:none:none:none:none
se-latin1.map.gz			:   Standard : xfree86 : pc104 : se 	: off  :Standard Keyboard [ pc104 ]:xfree86:none:none:none:none:none
sg-l1-lk450.map.gz			:   Standard : xfree86 : pc102 : de_CH 	: off  :Standard Keyboard [ pc102 ]:xfree86:none:none:none:none:none
sg-latin1-lk450.map.gz		:   Standard : xfree86 : pc104 : de_CH 	: off  :Standard Keyboard [ pc104 ]:xfree86:none:none:none:none:none
sg-latin1.map.gz			:   Standard : xfree86 : pc104 : de_CH 	: off  :Standard Keyboard [ pc104 ]:xfree86:none:none:none:none:none
sg.map.gz					:   Standard : xfree86 : pc104 : de_CH 	: off  :Standard Keyboard [ pc104 ]:xfree86:none:none:none:none:none
sk-prog-qwerty.map.gz       :   Standard : xfree86 : pc104 : sk_qwerty,us  : off  :Standard Keyboard [ pc104 + toggle ]:xfree86:none:none:none:none:grp:shift_toggle
sk-qwerty.map.gz            :   Standard : xfree86 : pc104 : sk_qwerty,us  : off  :Standard Keyboard [ pc104 + toggle ]:xfree86:none:none:none:none:grp:shift_toggle
sk-qwertz.map.gz            :   Standard : xfree86 : pc104 : sk,us  : off  :Standard Keyboard [ pc104 + toggle ]:xfree86:none:none:none:none:grp:shift_toggle
slovene.map.gz				:   Standard : xfree86 : pc105 : sl_SI 	: off  :Slovenia Keyboard [ pc105 ]:xfree86:none:none:none:none:none
sunkeymap.map.gz			:   Standard : sun : type5 : us 	: off  :Sun Keyboard [ type5 ]:xfree86:none:none:none:none:none
sunt4-es.map.gz				:   Standard : sun : type4 : es 	: off  :Sun Keyboard [ type5 ]:xfree86:none:none:none:none:none
sunt5-de-latin1.map.gz		:   Standard : sun : type5_euro : de 	: on  :Sun Keyboard [ type5_euro ]:xfree86:none:none:none:none:none
sunt5-es.map.gz				:   Standard : sun : type5 : es 	: off  :Sun Keyboard [ type5 ]:xfree86:none:none:none:none:none
sunt5-fi-latin1.map.gz		:   Standard : sun : type5 : fi 	: off  :Sun Keyboard [ type5 ]:xfree86:none:none:none:none:none
sunt5-fr-latin1.map.gz		:   Standard : sun : type5 : fr 	: off  :Sun Keyboard [ type5 ]:xfree86:none:none:none:none:none
sunt5-ru.map.gz				:   Standard : sun : type5 : ru 	: off  :Sun Keyboard [ type5 ]:xfree86:none:none:none:none:none
tr_f-latin5.map.gz			:   Standard : xfree86 : pc102 : tr 	: off  :Standard Keyboard [ pc102 ]:xfree86:none:none:none:none:none
tr_q-latin5.map.gz			:   Standard : xfree86 : pc102 : tr 	: off  :Standard Keyboard [ pc102 ]:xfree86:none:none:none:none:none
tralt.map.gz				:   Standard : xfree86 : pc102 : tr 	: off  :Standard Keyboard [ pc102 ]:xfree86:none:none:none:none:none
trf.map.gz					:   Standard : xfree86 : pc102 : tr 	: off  :Standard Keyboard [ pc102 ]:xfree86:none:none:none:none:none
trq.map.gz					:   Standard : xfree86 : pc101 : tr 	: off  :Generic keyboard [ pc101 ]:xfree86:none:none:none:none:none
uk.map.gz					:   Standard : xfree86 : pc105 : gb 	: off  :Generic Windows Keyboard [ pc105 ]:xfree86:none:none:none:none:none
us.map.gz					:   Standard : xfree86 : pc104 : us 	: off  :Standard Keyboard [ pc104 ]:xfree86:none:none:none:none:none
wangbe.map.gz				:   Standard : xfree86 : pc101 : us 	: off  :Generic keyboard [ pc101 ]:xfree86:none:none:none:none:none
br-abnt-alt.map.gz          :   Standard : xfree86 : abnt2 : br     : off  :Brazilian Keyboard [ abnt2 ]:xfree86:none:none:none:none:none
br-abnt.map.gz              :   Standard : xfree86 : abnt2 : br     : off  :Brazilian Keyboard [ abnt2 ]:xfree86:none:none:none:none:none
br-abnt2.map.gz             :   Standard : xfree86 : abnt2 : br     : off  :Brazilian Keyboard [ abnt2 ]:xfree86:none:none:none:none:none
br-latin1-abnt2.map.gz      :   Standard : xfree86 : abnt2 : br     : off  :Brazilian Keyboard [ abnt2 ]:xfree86:none:none:none:none:none
br-latin1-us.map.gz         :   Standard : xfree86 : abnt2 : br     : off  :Brazilian Keyboard [ abnt2 ]:xfree86:none:none:none:none:none
us-acentos.map.gz           :   Standard : xfree86 : pc105 : us_intl: off  :Portuguese Keyboard [ Brazil - US accents ]:xfree86:none:none:none:none:none
et.map.gz                   :   Standard : xfree86 : pc105 : ee     : off  :Estonian Keyboard [ pc105 ]:xfree86:none:none:none:none:none
et-nodeadkeys.map.gz        :   Standard : xfree86 : pc105 : ee     : on   :Estonian Keyboard [ pc105 ]:xfree86:none:none:none:none:none
default    					:   Standard : xfree86 : pc101 : us 	: off  :Generic keyboard [ pc101 ]:xfree86:none:none:none:none:none

